windowWidth 1280
windowHeight 720
fps 60
width 100
height 100
simCount 2000
simShowTime 0.1
....................................................................................................
....................................................................................................
....................................................................................................
....................................................................................................
....................................................................................................
................x.......................................x...........................................
.....xxx........x..........xxx......xx.......xxx........x..........xxx......xx.......xxx............
................x.........xxx.......xx..................x.........xxx.......xx......................
......................................xx......................................xx....................
......................................xx......................................xx....................
....................................................................................................
....................................................................................................
....................................................................................................
....................................................................................................
....................................................................................................
......x.......................................x.......................................x.............
......x..........xxx......xx.......xxx........x..........xxx......xx.......xxx........x.............
......x.........xxx.......xx..................x.........xxx.......xx..................x.............
............................xx......................................xx..............................
............................xx......................................xx..............................
....................................................................................................
....................................................................................................
....................................................................................................
....................................................................................................
....................................................................................................
....................................x.......................................x.......................
.......xxx......xx.......xxx........x..........xxx......xx.......xxx........x..........xxx..........
......xxx.......xx..................x.........xxx.......xx..................x.........xxx...........
..................xx......................................xx........................................
..................xx......................................xx........................................
....................................................................................................
....................................................................................................
....................................................................................................
....................................................................................................
....................................................................................................
..........................x.......................................x.................................
......xx.......xxx........x..........xxx......xx.......xxx........x..........xxx......xx............
......xx..................x.........xxx.......xx..................x.........xxx.......xx............
........xx......................................xx......................................xx..........
........xx......................................xx......................................xx..........
....................................................................................................
....................................................................................................
....................................................................................................
....................................................................................................
....................................................................................................
................x.......................................x...........................................
.....xxx........x..........xxx......xx.......xxx........x..........xxx......xx.......xxx............
................x.........xxx.......xx..................x.........xxx.......xx......................
......................................xx......................................xx....................
......................................xx......................................xx....................
....................................................................................................
....................................................................................................
....................................................................................................
....................................................................................................
....................................................................................................
......x.......................................x.......................................x.............
......x..........xxx......xx.......xxx........x..........xxx......xx.......xxx........x.............
......x.........xxx.......xx..................x.........xxx.......xx..................x.............
............................xx......................................xx..............................
............................xx......................................xx..............................
....................................................................................................
....................................................................................................
....................................................................................................
....................................................................................................
....................................................................................................
....................................x.......................................x.......................
.......xxx......xx.......xxx........x..........xxx......xx.......xxx........x..........xxx..........
......xxx.......xx..................x.........xxx.......xx..................x.........xxx...........
..................xx......................................xx........................................
..................xx......................................xx........................................
....................................................................................................
....................................................................................................
....................................................................................................
....................................................................................................
....................................................................................................
..........................x.......................................x.................................
......xx.......xxx........x..........xxx......xx.......xxx........x..........xxx......xx............
......xx..................x.........xxx.......xx..................x.........xxx.......xx............
........xx......................................xx......................................xx..........
........xx......................................xx......................................xx..........
....................................................................................................
....................................................................................................
....................................................................................................
....................................................................................................
....................................................................................................
................x.......................................x...........................................
.....xxx........x..........xxx......xx.......xxx........x..........xxx......xx.......xxx............
................x.........xxx.......xx..................x.........xxx.......xx......................
......................................xx......................................xx....................
......................................xx......................................xx....................
....................................................................................................
....................................................................................................
....................................................................................................
....................................................................................................
....................................................................................................
....................................................................................................
....................................................................................................
....................................................................................................
....................................................................................................
....................................................................................................