#GOLMAPFILE
windowWidth 1280
windowHeight 720
fps 180
width 100
height 100
simCount -1
simShowTime 0.01
.x.x.xxxxxx.xx..x..xxxx.xxxx.x.......x.xxx..x....xxx.xxx..xxxxxxxx.xx.x.xx..x..xx.x.x.xxx...x..xx...
.x.x...xx.x....x..xx.x..x.xx.xx.x.xx.xxx.........x.x..x...x.x....x.xxx.xx.xxxxxx.x.xxxxxx.xx.xxxxx..
..xxx.....x.x.xxx..x...xxx..x..x.xxx.xx.xx.xx.....xx.x..x....xx......x.x.x.xx..xxx.xx.x.....xxxx.x..
..xxx......x..xxx.xx.x.x.xx..x..x.xx..x..x...xxxx...x.x.x..xxx.xxx.xxxx.xx.x........xx.....xx...x.xx
.xxx.x.xx.x..x.x...........xx..xxx.xx....x.....x..xx.xx..xxxx...x.....x..x....x..xx.......xx.x.xx..x
.xx...x...xxx.x.x..x....x.xx.x.x..xx..x.x.x.xx..xxxxxxx...x...x..xx.xx..x.x.xx...xxxx..x.xx.xxxx..xx
x..x.xxx..xxx.....x..xxx..x...x..xx...xx........x.xxx..x.xx......xx...x.xx.x.x.xxx..x.xx..x.....xxxx
...x....x.x.xx..xxxxxxx.x...xx.x.....x..xx.x.xxx.xx....x..x..xx.x...x...x.xxxx...x....x........x..xx
.xxx.x.x.xx..x..xxx.xx.xxxxxx.....x.x.xxxxxx.x...x.x..x.x.xx..x....x...xxxxx.xx..xx....x...x.xx...x.
.x.x.x......xx.x.xx.xxxxxxxxx.xxxx.x..x..x...xx...xx...xxx..xxx.xxxx....x..xx..x.x..x.xxxxx.xx...xx.
xxx..x.xx.x.xx....xxxx........xxx..xx.xx..xxxxxxxxxx.xx.x..x.xxxxxxxx..x.x.x.xx...x.x....x...x...xxx
xx.x....xx..xx...xx..xx..x...xxx.x..x.x..x.xxx.x.xx.....xx.x.x.x..xxx.xx...xx..xxxxx.xxx.xxx.x...xxx
.x..x.x.xxx.....xx..xxxx.x...xx..x.x.xxx..xx.xx.xx...xxx.xx.xxxx.xx.x.xxxx.x..xxxxx..xx...xxx.x.x...
...xx.xx..x.....xxx.x.xx..xx.x.xx....x.x.xx.xx.x.xxxx..xxxxxxx..xxxx.x...x.x.x...x....xx...xxxx.....
x.xx.xx..xxxxxxxx..xx...x.xx.x..xxxx...x.x.x.x.xx.x..xx.x.x.xx...x.x....x.xxxx..xxxxx.x..x.x..xx.x..
x....xxx..xxx.....x.xxxx.x..........x.xx.x.xx....x.x..x.xx.x..x...xx....x.xxxxxx.xxxx.x.x..x.x.xxx.x
xxxxxx...x.x.x..xx..x.....xxxxx...x.xx....xxxxx..xx..x..xxx....xx.x.xx...xxx...xxxxx.xxx.xx.xxx.x.xx
.xx.x.xx.x.x.xx...x.x.xx..xxx..x.xxxx..x.xx...xx..x.x.xxx...xxxx......x.x.x...xx..xxx....x.x.x..x..x
x....x.xxx.x.xxxxxxx.xx..xxx.x.xx.x.x.x.xx.x.x.x.x.x.xx.x.xx...x.xx.x..xx..xxx...xxx..xxxx.xx..x..xx
.....xx.....xxxxxxx..xxx......x.....x..x..xxxx.x.xx.xxxxxxxxx.xx...x....x.x.xxxxxxx...xxx..x.x.xx..x
xxx.x.....xxx.xx...x....xxxxx...x....x..xxx.x.xx.x..xxx...xx...x..x.xxx....xxx.x.x.x.x..xxx.xxxx.x.x
.x.xx....x......x...xx.xx..xx..xx..xxxxx.xx.xx..x.xxxx..x.x.x.....xxxx.x..x.xx.xxx.xx.x..xxxxx.xxxxx
.x.xx.xxxx.xx....x...x.x..x.x.x.xxxxx..xx.......xx....xx..x.....xxxxxx..x.xx.xxx.xxx.x..xx..x...xxx.
.xxxx..xxxx...x.xxxx.xxx.xxx.x...xx.xxx.....xxx...x.x.xxxxxx.xx....xx.xx...xxx..xx.....xxxxx..x.x.x.
........x...x..x..xxx..x..xx....x..x..xx.xx..xx....x..xx....x....xx.xxx......xx..xx.x.x.x....x.x.xxx
.xxxxxxxx.xxxxxxxxx.xx.x........xxx.xx..xxxx....xx...x.xx.xx.x.xxx......xxx.xx.x..x.xxxx.x.....x..x.
.x.x.xx..xx...xx....xx..x.xx.x.....x.xx.x.xx.....x...x.xxxx..x.xx..x.x.xxx.xx..xx.xxxxxxx.xxxx......
x.x.xx..x.xx.x...xxxx.x.xxxx.xxxx...x..x.x.....x.x.xxx.xxx.x...x..x..xx..xxxxx.xx.x..xxx......x.x..x
xx.x.x....xxx..xxx.xx.xx...x..xx.xx..x.....x....x.xx.x..x...xxxx..x.......x..x..x.xxxxx..x.x.....x..
xx.xxx.....x.x.x....x.x..x.xxxx....xx.x..xxx...x..xxxxxx...xx..x...x..x.xxx.x.xx...xx.x..xxxxx.xx.xx
....xx..xxx.x.xx..x...xx.xxxx.x..x......x....xx.....xxxx...x.xxx.xxxxxx.xxxx..x.xx....x..x.xxx.xxx..
.xx...xx.xxx..xx..x..xxxxx...x.x.xxxx...xxx.xxxxx..x.x.xxxxx.x..xxx..x.xx.x.x...x..xx...xx.x...x.x..
x.x..x.xx.....x..x....xxxx.xx.x.x..xx.xxxxxxxxxx..xx.x.x...xxxx..xxx...xx...x..x.x.....xx.......xxxx
...x.x.xx..xxxx.xxx..x..x..x.x..xxxx.x.xxx.x.xxxx..xx.xxxx.x..x.x.xx...xx..x.x.xx..xxx....x.......x.
...x......xxxx.......xxxxxxxx..x...x..x.xx.....xx.xxx....xxx.xx.xxx..x.x..x.xxx.xxx.x..xxxxxx...xx.x
.x..xxx....xx.xx.x.xxxx.xx.x.x.x.xxx...xx.....x.x...xx.x.x....x.xxx.xxx..xx.x.xx.xx...x.xx.xx.xxx.x.
..x.x..x.x.x.xx.x...xxx.x.x.x..x.xx.xxx.xxxx.......xx.x..x.xxx...x..xx...xx.xx.x.x.xxx.x..x.xx..x...
x..xxxx.x.xxxx....xxx.x..x.xx.x..xxx..xx...xxxx.xxx.x.xxxx...x...x.xxx...xxx.xxx...x.xxx.xx.xxxx.x..
.x...x...xx..x...x.x.xxxx.xxxxx..x..x..x....x...x.xx..xxx...x...xx..xx.xx.x....x.x...xxxx.xx..xxxx..
...x.x..x.x..x..x.x...x...xx.x..x..xx.xx..x..x.xxxxx.xx.xx.x......xx.x..xxxxxx..x..xxxx..x.xx.xx..x.
xx.xxx..xx..x.x.......xx..x.x...xxx....xxxx.x..xx..xxx.x.x.xx.xxxxx.x.x.xx..x.....xxx.xxxx.xx..xxxx.
x...x.xx.xx.xx..xx....xx.x.xxxx..xxxx..xx...x...x..xx..xxxx...x....x..xx.xxxxxx...xx.x.x.x.x.xx.xxxx
....xx...x..xxxxx.xxxx.x..xxxx.xx..xx.xxx..xxx..xx.x......x.xxx.xxx.xx.xx...x.xx.x..x.x....x.x.xxx..
..xx.x.x.x.....xxxxx.xx.xxx..x.xx..xx.xxxxxx..xxx..x.xxx.xxx.x..x.xxx........xxxxxxxx..xxx..x...xxx.
........xxxx...xxxx..x.x...x.xx.xx.x..xxxx.xxxx...x.xx.x....xx.xx..x...xxx...xx.x..xx..x.xx..xxxxx.x
xx...xx.......xxxxxx..xx...x.xxx.x...x.xx.xx...xxxx...x.xxxx........x.x...xx....xx.x.xxx.x.xx.xxx...
.xxx..........x.xxx..xxxx.x..xxx......xx.xx....xxxxx..x.x..xxx.xx....xxx..x.....xxx....x...x.xxxxxx.
..x...xx.xx.....x.xx..x.x...xx.x.xx...x.x...x.....xx..xx.xxxx..xx.xx.x..x...x..x......xxxx..xxx.xx.x
..xx.x.x..x..xxxx..xx.x.xxx..x..xxxxxxxx..x.x.xxxx...xxx....x...x.x.x.xx.x..xxx.xxxx...x..xx..x....x
x.xxxxx...xxx....xx.x.x........x.xxx....xx..x..xxxxx..x..xx.xx...xx.xx....xxxx..xxxxx.xxx..xx.xxx.x.
..x....xx....xxx.xxxxx.xxx.......x..x..xx.xxxx.x.xxx.x.xxxxxx.xxxxxx.x.xxx.x.....x..x...xxx.x.xxxx.x
....x.x.xx.xx.x.xx..xxx.x.x.xx..x..xxxx..xxx..xx.xxx..xxxx........xxx.x.x.xxxx.x...x.x.x...x..xxx...
...x..xxxx.xx....xx.xxx...xx.xx.x....xxx.....x...xxxx.xxx..x.x.xx.xxxx.xxxxx.x..xxx.xxx.xx.x..x...xx
x...x..xx.x.x...xxxx.x.xxxxx...x...x.....x.x.xxx...xxx...xx.xx....x.....xxxx..x.xxx..xxx..x..x..xx.x
xxxx....xx..x..xxx......x..xx..xx..x..xx..xx...xxxxxxxx.xxxx...x..x......xx.x..xxx..x...x.xx.xx.x...
...x..xx.x.xxxx.xx..x..xxxxxx.xx.x..x..xx...xx..xxx.xx...xxxx....x.xx.x.xxx.xxx....xx..x.x.x..x.x.x.
..xx...xxxx.xxx..xx.xxxxxxxxx.xxx.xx.x...x.x.xx.x...x.x.x.x..xxxx...x..xx...xx..xx..xxx.x...xxxx..xx
.xx.xx..x.x.xxx.x.........x...x.x......xxxx.x.x..x.x.xx.x..x.xxx..x..xxxx...xx.x....xx..x.xx.x..xx.x
xxx.xx........x..x.x..x.xx..x.x.x...x.xx.x..xx.x.xx.x...x....x.x...x.xx..xxx.xx...xx.xxx.x..x..xx..x
xx.x.x...xxxx..xx.xxxx..x.x....xx...x..x.x.xxxxxx...x.x...x..xx.xx....x...xxx....x.xxx...x.....xx.xx
x.xx.x.xxxx...xxxxxx......xxx.x.x.xxxxxx..x......xx.xxxx..xxx.x...x.x.x.x..x..x..xxx..x...xx..x..x..
xx..x...xx.x.x.xxxx.xxxxxx.....x...x..xxx...xxxx..x.x.xxxxxx.xx.xxxxxxx.xx...xxx..xxx....x...x.x.xxx
..xxx...xxxx..xx.xx.xx.x..x...x..x.xx.x.x..x.x.x..xxx.x.......x.xxx.xx..x...x.x...x....x..x....xx.x.
x.x..x..xx...x....x..xxxxx.xx.x...x.xx.xx.xx.xx.xx.x.x.xxx..x.xx..x.x.x...x.xx...xx...xxx....xx.x...
.xxxx.x.x..xx.xx.xxxxxxx..xx..xxx..xxxx.x....x...xxx......x...xxxx..x.....x..x...x..x..x.xx.xx.....x
.x..xx.x....x.....xxxxx..xx..x....x.xxxx.xxxxx..xxx......xx.xx.xxxx.xxxx....x....x..x.xx..xxx...x...
xxxxx.x..x....x...x..xxxx.x..xxx...x..xxxxx.x..x.x...xxxx..xxx.xxx..xxx....xx.xx.x...x....xxx.x.xx..
xx.x.xxxx..xx..x..x..xxxx.x....xx..xxx.xxx..x..x.xx..xxxxxxxxx...x.x....xx.xx.......x...xx..x..xx...
xx....xxx.xx..xx.xxxxxx..xxx.xxx.xx..x.xxx.xxx.xxx..xx.xxx.x...xxxxx.x.xx......x..xx.x.x......x.xxx.
..xx......x...x.xxxx.x..xx.x..xx......xx..xxxxx..x....x.xxx.x.xx.x.x.x..xxx..xxx.xx.x....x.xxxx.xxxx
.xxx.x.x.x...x.x.xx...x.x...xxxx.xx..xx..x..x.xxx.x.....x...x..xxxxx.xx..x.xxx.xxxx..x.xx.x..xxx....
xx....x.x.xxx.xxxx..x...xxx.x..xxxx.x..x.x..xxx....x..xxxxx.x.x.x...x.xxxxx..x..x..x.x.x...x.x.x..xx
xx....xxxxx..xx.xx.xx.xxxx.xx...xxxxx...x..xxx.......xxx..xx.x.x.x.xxxx.xx....xx.xx...x...x..xx....x
xx..x..x.x...x...x....x.x.....xx.xxxx..xxxx..x..xxxxx.x..x.x....x.xx.x.x..xxx.x.x.x....x.x..x....xx.
...x.x.xxx...x...xx..x.x..x.xxxxxx.x.........x......x.xx...xxx...xx.x..x.xx........x.xx.xxxx..x.xx..
xx.x.x..x..xx.xxx...xxxxxxx..xxx.x......x.x...xx.x.xxx...xx.x.xxx..x..xxxxxxxxx..xxx...xxxx.xx..x.xx
.xxx..xxx.x.xxxxxx....xxxxx.xxxx..x.x.x..x.x...xxxx.x.x.xx...x...x.xxxxx......xxxxx.xx.x..x..x....xx
x.......x...xxx..xx..x.....x.x..xx..x.....xx....xxxx.xxx.x......x..xx.xxx.xx.xx...xx.x.....x.xx.xxx.
x...xxxx.xx.xxxx.xx.x.x.x...xxxxxxx..x...x.x..x.x.xx..xxxx...xxx.x......x.x.....xxxx..xxxxxx.x......
.....x.x..xx.....xxx....x..xx.xx.xxxxx.x.x..x..x.x..x.xx.x.x..x.x.x..xx..x.x....x....xxxx..x.xxx.x..
.x.xx..x.xxxxxx.xxx.xxxxx..xx.x..xxxxx.x.x...x.x.xxx...xxx..xx.x.x.xx..xx.x..xx..x.xx...xxxx.x.xxx..
xxxxxxxx...xx..x..x.x.x..xxx.xx...x.x.x..xx.xxx.x..xxxxx...xxxx.x..x.xx.x...xx....xxx.....x.x.....x.
x....xxx.x...xxx.xx.x.....x.....xx.x.xx.xxxx......xx.x.x.xx.x...xx.x.xxx....xxxxx..xx..xx..x..xxxx..
.xx...xxx.....xxx.x..xx.xxxx.xxx..x...xx.xx..x.xxxxx.xxx....xxxx.x..xx..xx.x...xxx.x.xx.xxx.x..xx.xx
xxx.xxxx.xxxxxxxx...xxx.xxxxxx...xxx..x....xxx..x.x.x.xxx...x...xxxx......x.xx...x.xxx.....x.xxx.xx.
xx..xx..x..x...x.x..x.x.xxx....xxxx..x.x....xxxx.xxx..xxxxxxx.xxx.xx..x..x.x.x..xx.x.x.x..x...xx....
.x.xx..x.x.x....x....x..xxxxx...x.x.xx.x...x..xx.xxx.xxx.xx.xx..xxx..xxxxx.xxx..x.xxx.x.x...x.x.x.xx
x.....xx.xxxx..xxxx.xxx.x.x...xx..x.....xxxx...xxxxx..xx..x...xx..xx.xx.xxxxxx...xx..xx.x.x...xxx..x
.xxx...xx..xxxxx.....x.xxx..x..xxx....xx.xx.x.xxxxxx.x........x......xxxx.x.x.x..xx....x.xxxx.xx.xxx
.x.xxxx.xx.x......x.x.xxx..xx...x.x.xxxx.x..x..xx....xxx..xx.xxx.xxx.....x.xx.x..xxx.....x..xxxx.x..
xx.x..xxx..xxx.xxx.....xx...xx...x..xxx.xx....x.xx..x.xx..xxxx.x..x.x.......xx..x...x.xx..xx.x..xx..
xx.xx...x.x.xxx.x.xxx..xx.x.x..xx.....x.x...xx.x.x.x.x.xxx.xx...x.xxx.x....xx..xxx.x..xx.x.xx...xx..
xx.xx..x.x.x.xx.x.xxx.x..xxx.xxx.x..x.xxxxxx..x..xxxx.xxx.xxx......xxxx....x.xx...xxx.x.x.......x...
xx..x.xx..x....x.x.xx..x...xx.x.x....xx.x.x..xx..x.xx.....xx.x.xx.xx...x.xx..xx..xx.xx.x.xx..x.xxxxx
.xx...x.x...xx....x.x.x.xxxx....xxxx..xx.xxx.xxxx.xxx.x.x.x.x...xx.xxxxxx..x.x.x...x.xx..x.xx.x..x.x
xxx.xxxxx.xx.x..xx.x...xxx.xx...xx..xx..xxxx.x.x...xx.....xx.xxxxx......xxxx.xx..xxx..x...xxx...x..x
..xxxxxx....xxxxx.x...x..x.x.xx.x..xxx..x......x.xxx..x..x...x..x.xxxxx..xx.xxx..xx.x.xxxxx....x.x..
.x..xx.....xxxx.x..xxxxxxxx..x..x.x..x..xxx..xx.xxxx....xx.xx.x.......xxx...xx.x.x..x.....xx..xxxxxx
x..xx.x.xxxx.x.x..x.x.xx...xx....xxxx..xxx.xx..xxxx.x.x...xx..x.xx..x.xxx....xxx..x..x..xxxxxxx..xxx
x..x.xxx.x..x...x.....xxx..x.x.xxx....x.xx..xx..xx.xxxx..xx..xxx..x....x.xxx...xx.x.....xx.x.x.xx.xx
