width 100
height 100
simCount 2000
simShowTime 0.4
....................................................................................................
....................................................................................................
....................................................................................................
....................................................................................................
....................................................................................................
....................................................................................................
....................................................................................................
....................................................................................................
....................................................................................................
....................................................................................................
....................................................................................................
....................................................................................................
....................................................................................................
....................................................................................................
....................................................................................................
....................................................................................................
....................................................................................................
....................................................................................................
....................................................................................................
....................................................................................................
....................................................................................................
....................................................................................................
....................................................................................................
....................................................................................................
....................................................................................................
....................................................................................................
....................................................................................................
....................................................................................................
....................................................................................................
....................................................................................................
....................................................................................................
....................................................................................................
....................................................................................................
....................................................................................................
....................................................................................................
....................................................................................................
....................................................................................................
................................................x...................................................
...............................................xxx..................................................
...............................................x....................................................
..................................................xx................................................
..................................................x.................................................
....................................................................................................
....................................................................................................
....................................................................................................
.............................x........................................x.............................
...........................x.x........................................x.x...........................
.................xx......xx............xx..................xx............xx......xx.................
................x...x....xx............xx..................xx............xx....x...x................
.....xx........x.....x...xx..............................................xx...x.....x........xx.....
.....xx........x...x.xx....x.x........................................x.x....xx.x...x........xx.....
...............x.....x.......x........................................x.......x.....x...............
................x...x..........................................................x...x................
.................xx..............................................................xx.................
....................................................................................................
....................................................................................................
....................................................................................................
................................................x...................................................
...............................................xxx..................................................
...............................................x....................................................
..................................................xx................................................
..................................................x.................................................
....................................................................................................
....................................................................................................
....................................................................................................
....................................................................................................
....................................................................................................
....................................................................................................
....................................................................................................
....................................................................................................
....................................................................................................
....................................................................................................
....................................................................................................
....................................................................................................
....................................................................................................
....................................................................................................
....................................................................................................
....................................................................................................
....................................................................................................
....................................................................................................
....................................................................................................
....................................................................................................
....................................................................................................
....................................................................................................
....................................................................................................
....................................................................................................
....................................................................................................
....................................................................................................
....................................................................................................
....................................................................................................
....................................................................................................
....................................................................................................
....................................................................................................
....................................................................................................
....................................................................................................
....................................................................................................
....................................................................................................
....................................................................................................
....................................................................................................
....................................................................................................